// Jest Snapshot v1, https://goo.gl/fbAQLP

exports[`<Header /> renders a Header\` 1`] = `ShallowWrapper {}`;
