// Jest Snapshot v1, https://goo.gl/fbAQLP

exports[`<Contact /> renders a Contact\` 1`] = `ShallowWrapper {}`;
